[?2026h[?25l[1Gpulling manifest ⠋ [K[?25h[?2026l[?2026h[?25l[1Gpulling manifest ⠙ [K[?25h[?2026l[?2026h[?25l[1Gpulling manifest ⠹ [K[?25h[?2026l[?2026h[?25l[1Gpulling manifest ⠸ [K[?25h[?2026l[?2026h[?25l[1Gpulling manifest [K
pulling ac9bc7a69dab:   0% ▕                  ▏  24 MB/9.0 GB                  [K[?25h[?2026l[?2026h[?25l[A[1Gpulling manifest [K
pulling ac9bc7a69dab:   1% ▕                  ▏  72 MB/9.0 GB                  [K[?25h[?2026l[?2026h[?25l[A[1Gpulling manifest [K
pulling ac9bc7a69dab:   2% ▕                  ▏ 171 MB/9.0 GB                  [K[?25h[?2026l[?2026h[?25l[A[1Gpulling manifest [K
pulling ac9bc7a69dab:   3% ▕                  ▏ 277 MB/9.0 GB                  [K[?25h[?2026l[?2026h[?25l[A[1Gpulling manifest [K
pulling ac9bc7a69dab:   4% ▕                  ▏ 328 MB/9.0 GB                  [K[?25h[?2026l[?2026h[?25l[A[1Gpulling manifest [K
pulling ac9bc7a69dab:   5% ▕                  ▏ 431 MB/9.0 GB                  [K[?25h[?2026l[?2026h[?25l[A[1Gpulling manifest [K
pulling ac9bc7a69dab:   6% ▕█                 ▏ 534 MB/9.0 GB                  [K[?25h[?2026l[?2026h[?25l[A[1Gpulling manifest [K
pulling ac9bc7a69dab:   7% ▕█                 ▏ 585 MB/9.0 GB                  [K[?25h[?2026l[?2026h[?25l[A[1Gpulling manifest [K
pulling ac9bc7a69dab:   8% ▕█                 ▏ 687 MB/9.0 GB                  [K[?25h[?2026l[?2026h[?25l[A[1Gpulling manifest [K
pulling ac9bc7a69dab:   9% ▕█                 ▏ 791 MB/9.0 GB                  [K[?25h[?2026l[?2026h[?25l[A[1Gpulling manifest [K
pulling ac9bc7a69dab:   9% ▕█                 ▏ 843 MB/9.0 GB                  [K[?25h[?2026l[?2026h[?25l[A[1Gpulling manifest [K
pulling ac9bc7a69dab:  11% ▕█                 ▏ 950 MB/9.0 GB  873 MB/s      9s[K[?25h[?2026l[?2026h[?25l[A[1Gpulling manifest [K
pulling ac9bc7a69dab:  12% ▕██                ▏ 1.1 GB/9.0 GB  873 MB/s      9s[K[?25h[?2026l[?2026h[?25l[A[1Gpulling manifest [K
pulling ac9bc7a69dab:  12% ▕██                ▏ 1.1 GB/9.0 GB  873 MB/s      9s[K[?25h[?2026l[?2026h[?25l[A[1Gpulling manifest [K
pulling ac9bc7a69dab:  14% ▕██                ▏ 1.2 GB/9.0 GB  873 MB/s      8s[K[?25h[?2026l[?2026h[?25l[A[1Gpulling manifest [K
pulling ac9bc7a69dab:  15% ▕██                ▏ 1.3 GB/9.0 GB  873 MB/s      8s[K[?25h[?2026l[?2026h[?25l[A[1Gpulling manifest [K
pulling ac9bc7a69dab:  15% ▕██                ▏ 1.4 GB/9.0 GB  873 MB/s      8s[K[?25h[?2026l[?2026h[?25l[A[1Gpulling manifest [K
pulling ac9bc7a69dab:  16% ▕██                ▏ 1.5 GB/9.0 GB  873 MB/s      8s[K[?25h[?2026l[?2026h[?25l[A[1Gpulling manifest [K
pulling ac9bc7a69dab:  18% ▕███               ▏ 1.6 GB/9.0 GB  873 MB/s      8s[K[?25h[?2026l[?2026h[?25l[A[1Gpulling manifest [K
pulling ac9bc7a69dab:  18% ▕███               ▏ 1.6 GB/9.0 GB  873 MB/s      8s[K[?25h[?2026l[?2026h[?25l[A[1Gpulling manifest [K
pulling ac9bc7a69dab:  19% ▕███               ▏ 1.7 GB/9.0 GB  873 MB/s      8s[K[?25h[?2026l[?2026h[?25l[A[1Gpulling manifest [K
pulling ac9bc7a69dab:  20% ▕███               ▏ 1.8 GB/9.0 GB  877 MB/s      8s[K[?25h[?2026l[?2026h[?25l[A[1Gpulling manifest [K
pulling ac9bc7a69dab:  21% ▕███               ▏ 1.9 GB/9.0 GB  877 MB/s      8s[K[?25h[?2026l[?2026h[?25l[A[1Gpulling manifest [K
pulling ac9bc7a69dab:  22% ▕███               ▏ 2.0 GB/9.0 GB  877 MB/s      7s[K[?25h[?2026l[?2026h[?25l[A[1Gpulling manifest [K
pulling ac9bc7a69dab:  23% ▕████              ▏ 2.1 GB/9.0 GB  877 MB/s      7s[K[?25h[?2026l[?2026h[?25l[A[1Gpulling manifest [K
pulling ac9bc7a69dab:  24% ▕████              ▏ 2.1 GB/9.0 GB  877 MB/s      7s[K[?25h[?2026l[?2026h[?25l[A[1Gpulling manifest [K
pulling ac9bc7a69dab:  25% ▕████              ▏ 2.2 GB/9.0 GB  877 MB/s      7s[K[?25h[?2026l[?2026h[?25l[A[1Gpulling manifest [K
pulling ac9bc7a69dab:  26% ▕████              ▏ 2.3 GB/9.0 GB  877 MB/s      7s[K[?25h[?2026l[?2026h[?25l[A[1Gpulling manifest [K
pulling ac9bc7a69dab:  27% ▕████              ▏ 2.4 GB/9.0 GB  877 MB/s      7s[K[?25h[?2026l[?2026h[?25l[A[1Gpulling manifest [K
pulling ac9bc7a69dab:  28% ▕█████             ▏ 2.5 GB/9.0 GB  877 MB/s      7s[K[?25h[?2026l[?2026h[?25l[A[1Gpulling manifest [K
pulling ac9bc7a69dab:  29% ▕█████             ▏ 2.6 GB/9.0 GB  877 MB/s      7s[K[?25h[?2026l[?2026h[?25l[A[1Gpulling manifest [K
pulling ac9bc7a69dab:  29% ▕█████             ▏ 2.7 GB/9.0 GB  875 MB/s      7s[K[?25h[?2026l[?2026h[?25l[A[1Gpulling manifest [K
pulling ac9bc7a69dab:  31% ▕█████             ▏ 2.8 GB/9.0 GB  875 MB/s      7s[K[?25h[?2026l[?2026h[?25l[A[1Gpulling manifest [K
pulling ac9bc7a69dab:  32% ▕█████             ▏ 2.9 GB/9.0 GB  875 MB/s      7s[K[?25h[?2026l[?2026h[?25l[A[1Gpulling manifest [K
pulling ac9bc7a69dab:  32% ▕█████             ▏ 2.9 GB/9.0 GB  875 MB/s      6s[K[?25h[?2026l[?2026h[?25l[A[1Gpulling manifest [K
pulling ac9bc7a69dab:  33% ▕██████            ▏ 3.0 GB/9.0 GB  875 MB/s      6s[K[?25h[?2026l[?2026h[?25l[A[1Gpulling manifest [K
pulling ac9bc7a69dab:  35% ▕██████            ▏ 3.1 GB/9.0 GB  875 MB/s      6s[K[?25h[?2026l[?2026h[?25l[A[1Gpulling manifest [K
pulling ac9bc7a69dab:  35% ▕██████            ▏ 3.2 GB/9.0 GB  875 MB/s      6s[K[?25h[?2026l[?2026h[?25l[A[1Gpulling manifest [K
pulling ac9bc7a69dab:  36% ▕██████            ▏ 3.3 GB/9.0 GB  875 MB/s      6s[K[?25h[?2026l[?2026h[?25l[A[1Gpulling manifest [K
pulling ac9bc7a69dab:  38% ▕██████            ▏ 3.4 GB/9.0 GB  875 MB/s      6s[K[?25h[?2026l[?2026h[?25l[A[1Gpulling manifest [K
pulling ac9bc7a69dab:  38% ▕██████            ▏ 3.4 GB/9.0 GB  875 MB/s      6s[K[?25h[?2026l[?2026h[?25l[A[1Gpulling manifest [K
pulling ac9bc7a69dab:  39% ▕███████           ▏ 3.5 GB/9.0 GB  875 MB/s      6s[K[?25h[?2026l[?2026h[?25l[A[1Gpulling manifest [K
pulling ac9bc7a69dab:  40% ▕███████           ▏ 3.6 GB/9.0 GB  875 MB/s      6s[K[?25h[?2026l[?2026h[?25l[A[1Gpulling manifest [K
pulling ac9bc7a69dab:  41% ▕███████           ▏ 3.7 GB/9.0 GB  875 MB/s      6s[K[?25h[?2026l[?2026h[?25l[A[1Gpulling manifest [K
pulling ac9bc7a69dab:  42% ▕███████           ▏ 3.8 GB/9.0 GB  875 MB/s      5s[K[?25h[?2026l[?2026h[?25l[A[1Gpulling manifest [K
pulling ac9bc7a69dab:  43% ▕███████           ▏ 3.9 GB/9.0 GB  875 MB/s      5s[K[?25h[?2026l[?2026h[?25l[A[1Gpulling manifest [K
pulling ac9bc7a69dab:  44% ▕███████           ▏ 3.9 GB/9.0 GB  875 MB/s      5s[K[?25h[?2026l[?2026h[?25l[A[1Gpulling manifest [K
pulling ac9bc7a69dab:  45% ▕████████          ▏ 4.0 GB/9.0 GB  875 MB/s      5s[K[?25h[?2026l[?2026h[?25l[A[1Gpulling manifest [K
pulling ac9bc7a69dab:  46% ▕████████          ▏ 4.1 GB/9.0 GB  875 MB/s      5s[K[?25h[?2026l[?2026h[?25l[A[1Gpulling manifest [K
pulling ac9bc7a69dab:  47% ▕████████          ▏ 4.2 GB/9.0 GB  875 MB/s      5s[K[?25h[?2026l[?2026h[?25l[A[1Gpulling manifest [K
pulling ac9bc7a69dab:  48% ▕████████          ▏ 4.3 GB/9.0 GB  875 MB/s      5s[K[?25h[?2026l[?2026h[?25l[A[1Gpulling manifest [K
pulling ac9bc7a69dab:  49% ▕████████          ▏ 4.4 GB/9.0 GB  872 MB/s      5s[K[?25h[?2026l[?2026h[?25l[A[1Gpulling manifest [K
pulling ac9bc7a69dab:  49% ▕████████          ▏ 4.4 GB/9.0 GB  872 MB/s      5s[K[?25h[?2026l[?2026h[?25l[A[1Gpulling manifest [K
pulling ac9bc7a69dab:  50% ▕█████████         ▏ 4.5 GB/9.0 GB  872 MB/s      5s[K[?25h[?2026l[?2026h[?25l[A[1Gpulling manifest [K
pulling ac9bc7a69dab:  52% ▕█████████         ▏ 4.6 GB/9.0 GB  872 MB/s      4s[K[?25h[?2026l[?2026h[?25l[A[1Gpulling manifest [K
pulling ac9bc7a69dab:  52% ▕█████████         ▏ 4.7 GB/9.0 GB  872 MB/s      4s[K[?25h[?2026l[?2026h[?25l[A[1Gpulling manifest [K
pulling ac9bc7a69dab:  53% ▕█████████         ▏ 4.8 GB/9.0 GB  872 MB/s      4s[K[?25h[?2026l[?2026h[?25l[A[1Gpulling manifest [K
pulling ac9bc7a69dab:  54% ▕█████████         ▏ 4.9 GB/9.0 GB  872 MB/s      4s[K[?25h[?2026l[?2026h[?25l[A[1Gpulling manifest [K
pulling ac9bc7a69dab:  55% ▕█████████         ▏ 4.9 GB/9.0 GB  872 MB/s      4s[K[?25h[?2026l[?2026h[?25l[A[1Gpulling manifest [K
pulling ac9bc7a69dab:  56% ▕██████████        ▏ 5.0 GB/9.0 GB  872 MB/s      4s[K[?25h[?2026l[?2026h[?25l[A[1Gpulling manifest [K
pulling ac9bc7a69dab:  57% ▕██████████        ▏ 5.1 GB/9.0 GB  872 MB/s      4s[K[?25h[?2026l[?2026h[?25l[A[1Gpulling manifest [K
pulling ac9bc7a69dab:  58% ▕██████████        ▏ 5.2 GB/9.0 GB  872 MB/s      4s[K[?25h[?2026l[?2026h[?25l[A[1Gpulling manifest [K
pulling ac9bc7a69dab:  59% ▕██████████        ▏ 5.3 GB/9.0 GB  867 MB/s      4s[K[?25h[?2026l[?2026h[?25l[A[1Gpulling manifest [K
pulling ac9bc7a69dab:  60% ▕██████████        ▏ 5.4 GB/9.0 GB  867 MB/s      4s[K[?25h[?2026l[?2026h[?25l[A[1Gpulling manifest [K
pulling ac9bc7a69dab:  60% ▕██████████        ▏ 5.4 GB/9.0 GB  867 MB/s      4s[K[?25h[?2026l[?2026h[?25l[A[1Gpulling manifest [K
pulling ac9bc7a69dab:  62% ▕███████████       ▏ 5.5 GB/9.0 GB  867 MB/s      3s[K[?25h[?2026l[?2026h[?25l[A[1Gpulling manifest [K
pulling ac9bc7a69dab:  63% ▕███████████       ▏ 5.6 GB/9.0 GB  867 MB/s      3s[K[?25h[?2026l[?2026h[?25l[A[1Gpulling manifest [K
pulling ac9bc7a69dab:  63% ▕███████████       ▏ 5.7 GB/9.0 GB  867 MB/s      3s[K[?25h[?2026l[?2026h[?25l[A[1Gpulling manifest [K
pulling ac9bc7a69dab:  64% ▕███████████       ▏ 5.8 GB/9.0 GB  867 MB/s      3s[K[?25h[?2026l[?2026h[?25l[A[1Gpulling manifest [K
pulling ac9bc7a69dab:  65% ▕███████████       ▏ 5.9 GB/9.0 GB  867 MB/s      3s[K[?25h[?2026l[?2026h[?25l[A[1Gpulling manifest [K
pulling ac9bc7a69dab:  66% ▕███████████       ▏ 5.9 GB/9.0 GB  867 MB/s      3s[K[?25h[?2026l[?2026h[?25l[A[1Gpulling manifest [K
pulling ac9bc7a69dab:  67% ▕████████████      ▏ 6.0 GB/9.0 GB  867 MB/s      3s[K[?25h[?2026l[?2026h[?25l[A[1Gpulling manifest [K
pulling ac9bc7a69dab:  68% ▕████████████      ▏ 6.1 GB/9.0 GB  864 MB/s      3s[K[?25h[?2026l[?2026h[?25l[A[1Gpulling manifest [K
pulling ac9bc7a69dab:  69% ▕████████████      ▏ 6.2 GB/9.0 GB  864 MB/s      3s[K[?25h[?2026l[?2026h[?25l[A[1Gpulling manifest [K
pulling ac9bc7a69dab:  70% ▕████████████      ▏ 6.3 GB/9.0 GB  864 MB/s      3s[K[?25h[?2026l[?2026h[?25l[A[1Gpulling manifest [K
pulling ac9bc7a69dab:  71% ▕████████████      ▏ 6.4 GB/9.0 GB  864 MB/s      3s[K[?25h[?2026l[?2026h[?25l[A[1Gpulling manifest [K
pulling ac9bc7a69dab:  71% ▕████████████      ▏ 6.4 GB/9.0 GB  864 MB/s      2s[K[?25h[?2026l[?2026h[?25l[A[1Gpulling manifest [K
pulling ac9bc7a69dab:  72% ▕█████████████     ▏ 6.5 GB/9.0 GB  864 MB/s      2s[K[?25h[?2026l[?2026h[?25l[A[1Gpulling manifest [K
pulling ac9bc7a69dab:  74% ▕█████████████     ▏ 6.6 GB/9.0 GB  864 MB/s      2s[K[?25h[?2026l[?2026h[?25l[A[1Gpulling manifest [K
pulling ac9bc7a69dab:  74% ▕█████████████     ▏ 6.7 GB/9.0 GB  864 MB/s      2s[K[?25h[?2026l[?2026h[?25l[A[1Gpulling manifest [K
pulling ac9bc7a69dab:  75% ▕█████████████     ▏ 6.8 GB/9.0 GB  864 MB/s      2s[K[?25h[?2026l[?2026h[?25l[A[1Gpulling manifest [K
pulling ac9bc7a69dab:  76% ▕█████████████     ▏ 6.9 GB/9.0 GB  864 MB/s      2s[K[?25h[?2026l[?2026h[?25l[A[1Gpulling manifest [K
pulling ac9bc7a69dab:  77% ▕█████████████     ▏ 6.9 GB/9.0 GB  858 MB/s      2s[K[?25h[?2026l[?2026h[?25l[A[1Gpulling manifest [K
pulling ac9bc7a69dab:  78% ▕██████████████    ▏ 7.0 GB/9.0 GB  858 MB/s      2s[K[?25h[?2026l[?2026h[?25l[A[1Gpulling manifest [K
pulling ac9bc7a69dab:  79% ▕██████████████    ▏ 7.1 GB/9.0 GB  858 MB/s      2s[K[?25h[?2026l[?2026h[?25l[A[1Gpulling manifest [K
pulling ac9bc7a69dab:  79% ▕██████████████    ▏ 7.1 GB/9.0 GB  858 MB/s      2s[K[?25h[?2026l[?2026h[?25l[A[1Gpulling manifest [K
pulling ac9bc7a69dab:  80% ▕██████████████    ▏ 7.2 GB/9.0 GB  858 MB/s      2s[K[?25h[?2026l[?2026h[?25l[A[1Gpulling manifest [K
pulling ac9bc7a69dab:  82% ▕██████████████    ▏ 7.3 GB/9.0 GB  858 MB/s      1s[K[?25h[?2026l[?2026h[?25l[A[1Gpulling manifest [K
pulling ac9bc7a69dab:  82% ▕██████████████    ▏ 7.4 GB/9.0 GB  858 MB/s      1s[K[?25h[?2026l[?2026h[?25l[A[1Gpulling manifest [K
pulling ac9bc7a69dab:  83% ▕██████████████    ▏ 7.5 GB/9.0 GB  858 MB/s      1s[K[?25h[?2026l[?2026h[?25l[A[1Gpulling manifest [K
pulling ac9bc7a69dab:  84% ▕███████████████   ▏ 7.6 GB/9.0 GB  858 MB/s      1s[K[?25h[?2026l[?2026h[?25l[A[1Gpulling manifest [K
pulling ac9bc7a69dab:  85% ▕███████████████   ▏ 7.6 GB/9.0 GB  858 MB/s      1s[K[?25h[?2026l[?2026h[?25l[A[1Gpulling manifest [K
pulling ac9bc7a69dab:  86% ▕███████████████   ▏ 7.7 GB/9.0 GB  854 MB/s      1s[K[?25h[?2026l[?2026h[?25l[A[1Gpulling manifest [K
pulling ac9bc7a69dab:  87% ▕███████████████   ▏ 7.8 GB/9.0 GB  854 MB/s      1s[K[?25h[?2026l[?2026h[?25l[A[1Gpulling manifest [K
pulling ac9bc7a69dab:  87% ▕███████████████   ▏ 7.9 GB/9.0 GB  854 MB/s      1s[K[?25h[?2026l[?2026h[?25l[A[1Gpulling manifest [K
pulling ac9bc7a69dab:  89% ▕███████████████   ▏ 8.0 GB/9.0 GB  854 MB/s      1s[K[?25h[?2026l[?2026h[?25l[A[1Gpulling manifest [K
pulling ac9bc7a69dab:  89% ▕████████████████  ▏ 8.0 GB/9.0 GB  854 MB/s      1s[K[?25h[?2026l[?2026h[?25l[A[1Gpulling manifest [K
pulling ac9bc7a69dab:  90% ▕████████████████  ▏ 8.1 GB/9.0 GB  854 MB/s      1s[K[?25h[?2026l[?2026h[?25l[A[1Gpulling manifest [K
pulling ac9bc7a69dab:  90% ▕████████████████  ▏ 8.1 GB/9.0 GB  854 MB/s      1s[K[?25h[?2026l[?2026h[?25l[A[1Gpulling manifest [K
pulling ac9bc7a69dab:  91% ▕████████████████  ▏ 8.2 GB/9.0 GB  854 MB/s      0s[K[?25h[?2026l[?2026h[?25l[A[1Gpulling manifest [K
pulling ac9bc7a69dab:  91% ▕████████████████  ▏ 8.2 GB/9.0 GB  854 MB/s      0s[K[?25h[?2026l[?2026h[?25l[A[1Gpulling manifest [K
pulling ac9bc7a69dab:  92% ▕████████████████  ▏ 8.3 GB/9.0 GB  854 MB/s      0s[K[?25h[?2026l[?2026h[?25l[A[1Gpulling manifest [K
pulling ac9bc7a69dab:  93% ▕████████████████  ▏ 8.4 GB/9.0 GB  828 MB/s      0s[K[?25h[?2026l[?2026h[?25l[A[1Gpulling manifest [K
pulling ac9bc7a69dab:  93% ▕████████████████  ▏ 8.4 GB/9.0 GB  828 MB/s      0s[K[?25h[?2026l[?2026h[?25l[A[1Gpulling manifest [K
pulling ac9bc7a69dab:  94% ▕████████████████  ▏ 8.5 GB/9.0 GB  828 MB/s      0s[K[?25h[?2026l[?2026h[?25l[A[1Gpulling manifest [K
pulling ac9bc7a69dab:  95% ▕█████████████████ ▏ 8.5 GB/9.0 GB  828 MB/s      0s[K[?25h[?2026l[?2026h[?25l[A[1Gpulling manifest [K
pulling ac9bc7a69dab:  95% ▕█████████████████ ▏ 8.6 GB/9.0 GB  828 MB/s      0s[K[?25h[?2026l[?2026h[?25l[A[1Gpulling manifest [K
pulling ac9bc7a69dab:  96% ▕█████████████████ ▏ 8.6 GB/9.0 GB  828 MB/s      0s[K[?25h[?2026l[?2026h[?25l[A[1Gpulling manifest [K
pulling ac9bc7a69dab:  96% ▕█████████████████ ▏ 8.7 GB/9.0 GB  828 MB/s      0s[K[?25h[?2026l[?2026h[?25l[A[1Gpulling manifest [K
pulling ac9bc7a69dab:  97% ▕█████████████████ ▏ 8.7 GB/9.0 GB  828 MB/s      0s[K[?25h[?2026l[?2026h[?25l[A[1Gpulling manifest [K
pulling ac9bc7a69dab:  97% ▕█████████████████ ▏ 8.7 GB/9.0 GB  828 MB/s      0s[K[?25h[?2026l[?2026h[?25l[A[1Gpulling manifest [K
pulling ac9bc7a69dab:  97% ▕█████████████████ ▏ 8.7 GB/9.0 GB  828 MB/s      0s[K[?25h[?2026l[?2026h[?25l[A[1Gpulling manifest [K
pulling ac9bc7a69dab:  97% ▕█████████████████ ▏ 8.7 GB/9.0 GB  828 MB/s      0s[K[?25h[?2026l[?2026h[?25l[A[1Gpulling manifest [K
pulling ac9bc7a69dab:  98% ▕█████████████████ ▏ 8.8 GB/9.0 GB  775 MB/s      0s[K[?25h[?2026l[?2026h[?25l[A[1Gpulling manifest [K
pulling ac9bc7a69dab:  98% ▕█████████████████ ▏ 8.8 GB/9.0 GB  775 MB/s      0s[K[?25h[?2026l[?2026h[?25l[A[1Gpulling manifest [K
pulling ac9bc7a69dab:  98% ▕█████████████████ ▏ 8.8 GB/9.0 GB  775 MB/s      0s[K[?25h[?2026l[?2026h[?25l[A[1Gpulling manifest [K
pulling ac9bc7a69dab:  99% ▕█████████████████ ▏ 8.9 GB/9.0 GB  775 MB/s      0s[K[?25h[?2026l[?2026h[?25l[A[1Gpulling manifest [K
pulling ac9bc7a69dab:  99% ▕█████████████████ ▏ 8.9 GB/9.0 GB  775 MB/s      0s[K[?25h[?2026l[?2026h[?25l[A[1Gpulling manifest [K
pulling ac9bc7a69dab:  99% ▕█████████████████ ▏ 8.9 GB/9.0 GB  775 MB/s      0s[K[?25h[?2026l[?2026h[?25l[A[1Gpulling manifest [K
pulling ac9bc7a69dab:  99% ▕█████████████████ ▏ 8.9 GB/9.0 GB  775 MB/s      0s[K[?25h[?2026l[?2026h[?25l[A[1Gpulling manifest [K
pulling ac9bc7a69dab:  99% ▕█████████████████ ▏ 8.9 GB/9.0 GB  775 MB/s      0s[K[?25h[?2026l[?2026h[?25l[A[1Gpulling manifest [K
pulling ac9bc7a69dab:  99% ▕█████████████████ ▏ 8.9 GB/9.0 GB  775 MB/s      0s[K[?25h[?2026l[?2026h[?25l[A[1Gpulling manifest [K
pulling ac9bc7a69dab:  99% ▕█████████████████ ▏ 8.9 GB/9.0 GB  775 MB/s      0s[K[?25h[?2026l[?2026h[?25l[A[1Gpulling manifest [K
pulling ac9bc7a69dab: 100% ▕█████████████████ ▏ 9.0 GB/9.0 GB  699 MB/s      0s[K[?25h[?2026l[?2026h[?25l[A[1Gpulling manifest [K
pulling ac9bc7a69dab: 100% ▕█████████████████ ▏ 9.0 GB/9.0 GB  699 MB/s      0s[K[?25h[?2026l[?2026h[?25l[A[1Gpulling manifest [K
pulling ac9bc7a69dab: 100% ▕█████████████████ ▏ 9.0 GB/9.0 GB  699 MB/s      0s[K[?25h[?2026l[?2026h[?25l[A[1Gpulling manifest [K
pulling ac9bc7a69dab: 100% ▕█████████████████ ▏ 9.0 GB/9.0 GB  699 MB/s      0s[K[?25h[?2026l[?2026h[?25l[A[1Gpulling manifest [K
pulling ac9bc7a69dab: 100% ▕█████████████████ ▏ 9.0 GB/9.0 GB  699 MB/s      0s[K[?25h[?2026l[?2026h[?25l[A[1Gpulling manifest [K
pulling ac9bc7a69dab: 100% ▕██████████████████▏ 9.0 GB                         [K[?25h[?2026l[?2026h[?25l[A[1Gpulling manifest [K
pulling ac9bc7a69dab: 100% ▕██████████████████▏ 9.0 GB                         [K[?25h[?2026l[?2026h[?25l[A[1Gpulling manifest [K
pulling ac9bc7a69dab: 100% ▕██████████████████▏ 9.0 GB                         [K[?25h[?2026l[?2026h[?25l[A[1Gpulling manifest [K
pulling ac9bc7a69dab: 100% ▕██████████████████▏ 9.0 GB                         [K
pulling 66b9ea09bd5b: 100% ▕██████████████████▏   68 B                         [K[?25h[?2026l[?2026h[?25l[A[A[1Gpulling manifest [K
pulling ac9bc7a69dab: 100% ▕██████████████████▏ 9.0 GB                         [K
pulling 66b9ea09bd5b: 100% ▕██████████████████▏   68 B                         [K[?25h[?2026l[?2026h[?25l[A[A[1Gpulling manifest [K
pulling ac9bc7a69dab: 100% ▕██████████████████▏ 9.0 GB                         [K
pulling 66b9ea09bd5b: 100% ▕██████████████████▏   68 B                         [K[?25h[?2026l[?2026h[?25l[A[A[1Gpulling manifest [K
pulling ac9bc7a69dab: 100% ▕██████████████████▏ 9.0 GB                         [K
pulling 66b9ea09bd5b: 100% ▕██████████████████▏   68 B                         [K[?25h[?2026l[?2026h[?25l[A[A[1Gpulling manifest [K
pulling ac9bc7a69dab: 100% ▕██████████████████▏ 9.0 GB                         [K
pulling 66b9ea09bd5b: 100% ▕██████████████████▏   68 B                         [K[?25h[?2026l[?2026h[?25l[A[A[1Gpulling manifest [K
pulling ac9bc7a69dab: 100% ▕██████████████████▏ 9.0 GB                         [K
pulling 66b9ea09bd5b: 100% ▕██████████████████▏   68 B                         [K[?25h[?2026l[?2026h[?25l[A[A[1Gpulling manifest [K
pulling ac9bc7a69dab: 100% ▕██████████████████▏ 9.0 GB                         [K
pulling 66b9ea09bd5b: 100% ▕██████████████████▏   68 B                         [K[?25h[?2026l[?2026h[?25l[A[A[1Gpulling manifest [K
pulling ac9bc7a69dab: 100% ▕██████████████████▏ 9.0 GB                         [K
pulling 66b9ea09bd5b: 100% ▕██████████████████▏   68 B                         [K[?25h[?2026l[?2026h[?25l[A[A[1Gpulling manifest [K
pulling ac9bc7a69dab: 100% ▕██████████████████▏ 9.0 GB                         [K
pulling 66b9ea09bd5b: 100% ▕██████████████████▏   68 B                         [K[?25h[?2026l[?2026h[?25l[A[A[1Gpulling manifest [K
pulling ac9bc7a69dab: 100% ▕██████████████████▏ 9.0 GB                         [K
pulling 66b9ea09bd5b: 100% ▕██████████████████▏   68 B                         [K[?25h[?2026l[?2026h[?25l[A[A[1Gpulling manifest [K
pulling ac9bc7a69dab: 100% ▕██████████████████▏ 9.0 GB                         [K
pulling 66b9ea09bd5b: 100% ▕██████████████████▏   68 B                         [K[?25h[?2026l[?2026h[?25l[A[A[1Gpulling manifest [K
pulling ac9bc7a69dab: 100% ▕██████████████████▏ 9.0 GB                         [K
pulling 66b9ea09bd5b: 100% ▕██████████████████▏   68 B                         [K
pulling 1e65450c3067: 100% ▕██████████████████▏ 1.6 KB                         [K[?25h[?2026l[?2026h[?25l[A[A[A[1Gpulling manifest [K
pulling ac9bc7a69dab: 100% ▕██████████████████▏ 9.0 GB                         [K
pulling 66b9ea09bd5b: 100% ▕██████████████████▏   68 B                         [K
pulling 1e65450c3067: 100% ▕██████████████████▏ 1.6 KB                         [K[?25h[?2026l[?2026h[?25l[A[A[A[1Gpulling manifest [K
pulling ac9bc7a69dab: 100% ▕██████████████████▏ 9.0 GB                         [K
pulling 66b9ea09bd5b: 100% ▕██████████████████▏   68 B                         [K
pulling 1e65450c3067: 100% ▕██████████████████▏ 1.6 KB                         [K[?25h[?2026l[?2026h[?25l[A[A[A[1Gpulling manifest [K
pulling ac9bc7a69dab: 100% ▕██████████████████▏ 9.0 GB                         [K
pulling 66b9ea09bd5b: 100% ▕██████████████████▏   68 B                         [K
pulling 1e65450c3067: 100% ▕██████████████████▏ 1.6 KB                         [K[?25h[?2026l[?2026h[?25l[A[A[A[1Gpulling manifest [K
pulling ac9bc7a69dab: 100% ▕██████████████████▏ 9.0 GB                         [K
pulling 66b9ea09bd5b: 100% ▕██████████████████▏   68 B                         [K
pulling 1e65450c3067: 100% ▕██████████████████▏ 1.6 KB                         [K[?25h[?2026l[?2026h[?25l[A[A[A[1Gpulling manifest [K
pulling ac9bc7a69dab: 100% ▕██████████████████▏ 9.0 GB                         [K
pulling 66b9ea09bd5b: 100% ▕██████████████████▏   68 B                         [K
pulling 1e65450c3067: 100% ▕██████████████████▏ 1.6 KB                         [K[?25h[?2026l[?2026h[?25l[A[A[A[1Gpulling manifest [K
pulling ac9bc7a69dab: 100% ▕██████████████████▏ 9.0 GB                         [K
pulling 66b9ea09bd5b: 100% ▕██████████████████▏   68 B                         [K
pulling 1e65450c3067: 100% ▕██████████████████▏ 1.6 KB                         [K[?25h[?2026l[?2026h[?25l[A[A[A[1Gpulling manifest [K
pulling ac9bc7a69dab: 100% ▕██████████████████▏ 9.0 GB                         [K
pulling 66b9ea09bd5b: 100% ▕██████████████████▏   68 B                         [K
pulling 1e65450c3067: 100% ▕██████████████████▏ 1.6 KB                         [K[?25h[?2026l[?2026h[?25l[A[A[A[1Gpulling manifest [K
pulling ac9bc7a69dab: 100% ▕██████████████████▏ 9.0 GB                         [K
pulling 66b9ea09bd5b: 100% ▕██████████████████▏   68 B                         [K
pulling 1e65450c3067: 100% ▕██████████████████▏ 1.6 KB                         [K[?25h[?2026l[?2026h[?25l[A[A[A[1Gpulling manifest [K
pulling ac9bc7a69dab: 100% ▕██████████████████▏ 9.0 GB                         [K
pulling 66b9ea09bd5b: 100% ▕██████████████████▏   68 B                         [K
pulling 1e65450c3067: 100% ▕██████████████████▏ 1.6 KB                         [K[?25h[?2026l[?2026h[?25l[A[A[A[1Gpulling manifest [K
pulling ac9bc7a69dab: 100% ▕██████████████████▏ 9.0 GB                         [K
pulling 66b9ea09bd5b: 100% ▕██████████████████▏   68 B                         [K
pulling 1e65450c3067: 100% ▕██████████████████▏ 1.6 KB                         [K[?25h[?2026l[?2026h[?25l[A[A[A[1Gpulling manifest [K
pulling ac9bc7a69dab: 100% ▕██████████████████▏ 9.0 GB                         [K
pulling 66b9ea09bd5b: 100% ▕██████████████████▏   68 B                         [K
pulling 1e65450c3067: 100% ▕██████████████████▏ 1.6 KB                         [K
pulling 832dd9e00a68: 100% ▕██████████████████▏  11 KB                         [K[?25h[?2026l[?2026h[?25l[A[A[A[A[1Gpulling manifest [K
pulling ac9bc7a69dab: 100% ▕██████████████████▏ 9.0 GB                         [K
pulling 66b9ea09bd5b: 100% ▕██████████████████▏   68 B                         [K
pulling 1e65450c3067: 100% ▕██████████████████▏ 1.6 KB                         [K
pulling 832dd9e00a68: 100% ▕██████████████████▏  11 KB                         [K[?25h[?2026l[?2026h[?25l[A[A[A[A[1Gpulling manifest [K
pulling ac9bc7a69dab: 100% ▕██████████████████▏ 9.0 GB                         [K
pulling 66b9ea09bd5b: 100% ▕██████████████████▏   68 B                         [K
pulling 1e65450c3067: 100% ▕██████████████████▏ 1.6 KB                         [K
pulling 832dd9e00a68: 100% ▕██████████████████▏  11 KB                         [K[?25h[?2026l[?2026h[?25l[A[A[A[A[1Gpulling manifest [K
pulling ac9bc7a69dab: 100% ▕██████████████████▏ 9.0 GB                         [K
pulling 66b9ea09bd5b: 100% ▕██████████████████▏   68 B                         [K
pulling 1e65450c3067: 100% ▕██████████████████▏ 1.6 KB                         [K
pulling 832dd9e00a68: 100% ▕██████████████████▏  11 KB                         [K[?25h[?2026l[?2026h[?25l[A[A[A[A[1Gpulling manifest [K
pulling ac9bc7a69dab: 100% ▕██████████████████▏ 9.0 GB                         [K
pulling 66b9ea09bd5b: 100% ▕██████████████████▏   68 B                         [K
pulling 1e65450c3067: 100% ▕██████████████████▏ 1.6 KB                         [K
pulling 832dd9e00a68: 100% ▕██████████████████▏  11 KB                         [K[?25h[?2026l[?2026h[?25l[A[A[A[A[1Gpulling manifest [K
pulling ac9bc7a69dab: 100% ▕██████████████████▏ 9.0 GB                         [K
pulling 66b9ea09bd5b: 100% ▕██████████████████▏   68 B                         [K
pulling 1e65450c3067: 100% ▕██████████████████▏ 1.6 KB                         [K
pulling 832dd9e00a68: 100% ▕██████████████████▏  11 KB                         [K[?25h[?2026l[?2026h[?25l[A[A[A[A[1Gpulling manifest [K
pulling ac9bc7a69dab: 100% ▕██████████████████▏ 9.0 GB                         [K
pulling 66b9ea09bd5b: 100% ▕██████████████████▏   68 B                         [K
pulling 1e65450c3067: 100% ▕██████████████████▏ 1.6 KB                         [K
pulling 832dd9e00a68: 100% ▕██████████████████▏  11 KB                         [K[?25h[?2026l[?2026h[?25l[A[A[A[A[1Gpulling manifest [K
pulling ac9bc7a69dab: 100% ▕██████████████████▏ 9.0 GB                         [K
pulling 66b9ea09bd5b: 100% ▕██████████████████▏   68 B                         [K
pulling 1e65450c3067: 100% ▕██████████████████▏ 1.6 KB                         [K
pulling 832dd9e00a68: 100% ▕██████████████████▏  11 KB                         [K[?25h[?2026l[?2026h[?25l[A[A[A[A[1Gpulling manifest [K
pulling ac9bc7a69dab: 100% ▕██████████████████▏ 9.0 GB                         [K
pulling 66b9ea09bd5b: 100% ▕██████████████████▏   68 B                         [K
pulling 1e65450c3067: 100% ▕██████████████████▏ 1.6 KB                         [K
pulling 832dd9e00a68: 100% ▕██████████████████▏  11 KB                         [K[?25h[?2026l[?2026h[?25l[A[A[A[A[1Gpulling manifest [K
pulling ac9bc7a69dab: 100% ▕██████████████████▏ 9.0 GB                         [K
pulling 66b9ea09bd5b: 100% ▕██████████████████▏   68 B                         [K
pulling 1e65450c3067: 100% ▕██████████████████▏ 1.6 KB                         [K
pulling 832dd9e00a68: 100% ▕██████████████████▏  11 KB                         [K[?25h[?2026l[?2026h[?25l[A[A[A[A[1Gpulling manifest [K
pulling ac9bc7a69dab: 100% ▕██████████████████▏ 9.0 GB                         [K
pulling 66b9ea09bd5b: 100% ▕██████████████████▏   68 B                         [K
pulling 1e65450c3067: 100% ▕██████████████████▏ 1.6 KB                         [K
pulling 832dd9e00a68: 100% ▕██████████████████▏  11 KB                         [K[?25h[?2026l[?2026h[?25l[A[A[A[A[1Gpulling manifest [K
pulling ac9bc7a69dab: 100% ▕██████████████████▏ 9.0 GB                         [K
pulling 66b9ea09bd5b: 100% ▕██████████████████▏   68 B                         [K
pulling 1e65450c3067: 100% ▕██████████████████▏ 1.6 KB                         [K
pulling 832dd9e00a68: 100% ▕██████████████████▏  11 KB                         [K
pulling 0578f229f23a: 100% ▕██████████████████▏  488 B                         [K[?25h[?2026l[?2026h[?25l[A[A[A[A[A[1Gpulling manifest [K
pulling ac9bc7a69dab: 100% ▕██████████████████▏ 9.0 GB                         [K
pulling 66b9ea09bd5b: 100% ▕██████████████████▏   68 B                         [K
pulling 1e65450c3067: 100% ▕██████████████████▏ 1.6 KB                         [K
pulling 832dd9e00a68: 100% ▕██████████████████▏  11 KB                         [K
pulling 0578f229f23a: 100% ▕██████████████████▏  488 B                         [K[?25h[?2026l[?2026h[?25l[A[A[A[A[A[1Gpulling manifest [K
pulling ac9bc7a69dab: 100% ▕██████████████████▏ 9.0 GB                         [K
pulling 66b9ea09bd5b: 100% ▕██████████████████▏   68 B                         [K
pulling 1e65450c3067: 100% ▕██████████████████▏ 1.6 KB                         [K
pulling 832dd9e00a68: 100% ▕██████████████████▏  11 KB                         [K
pulling 0578f229f23a: 100% ▕██████████████████▏  488 B                         [K[?25h[?2026l[?2026h[?25l[A[A[A[A[A[1Gpulling manifest [K
pulling ac9bc7a69dab: 100% ▕██████████████████▏ 9.0 GB                         [K
pulling 66b9ea09bd5b: 100% ▕██████████████████▏   68 B                         [K
pulling 1e65450c3067: 100% ▕██████████████████▏ 1.6 KB                         [K
pulling 832dd9e00a68: 100% ▕██████████████████▏  11 KB                         [K
pulling 0578f229f23a: 100% ▕██████████████████▏  488 B                         [K[?25h[?2026l[?2026h[?25l[A[A[A[A[A[1Gpulling manifest [K
pulling ac9bc7a69dab: 100% ▕██████████████████▏ 9.0 GB                         [K
pulling 66b9ea09bd5b: 100% ▕██████████████████▏   68 B                         [K
pulling 1e65450c3067: 100% ▕██████████████████▏ 1.6 KB                         [K
pulling 832dd9e00a68: 100% ▕██████████████████▏  11 KB                         [K
pulling 0578f229f23a: 100% ▕██████████████████▏  488 B                         [K[?25h[?2026l[?2026h[?25l[A[A[A[A[A[1Gpulling manifest [K
pulling ac9bc7a69dab: 100% ▕██████████████████▏ 9.0 GB                         [K
pulling 66b9ea09bd5b: 100% ▕██████████████████▏   68 B                         [K
pulling 1e65450c3067: 100% ▕██████████████████▏ 1.6 KB                         [K
pulling 832dd9e00a68: 100% ▕██████████████████▏  11 KB                         [K
pulling 0578f229f23a: 100% ▕██████████████████▏  488 B                         [K[?25h[?2026l[?2026h[?25l[A[A[A[A[A[1Gpulling manifest [K
pulling ac9bc7a69dab: 100% ▕██████████████████▏ 9.0 GB                         [K
pulling 66b9ea09bd5b: 100% ▕██████████████████▏   68 B                         [K
pulling 1e65450c3067: 100% ▕██████████████████▏ 1.6 KB                         [K
pulling 832dd9e00a68: 100% ▕██████████████████▏  11 KB                         [K
pulling 0578f229f23a: 100% ▕██████████████████▏  488 B                         [K[?25h[?2026l[?2026h[?25l[A[A[A[A[A[1Gpulling manifest [K
pulling ac9bc7a69dab: 100% ▕██████████████████▏ 9.0 GB                         [K
pulling 66b9ea09bd5b: 100% ▕██████████████████▏   68 B                         [K
pulling 1e65450c3067: 100% ▕██████████████████▏ 1.6 KB                         [K
pulling 832dd9e00a68: 100% ▕██████████████████▏  11 KB                         [K
pulling 0578f229f23a: 100% ▕██████████████████▏  488 B                         [K[?25h[?2026l[?2026h[?25l[A[A[A[A[A[1Gpulling manifest [K
pulling ac9bc7a69dab: 100% ▕██████████████████▏ 9.0 GB                         [K
pulling 66b9ea09bd5b: 100% ▕██████████████████▏   68 B                         [K
pulling 1e65450c3067: 100% ▕██████████████████▏ 1.6 KB                         [K
pulling 832dd9e00a68: 100% ▕██████████████████▏  11 KB                         [K
pulling 0578f229f23a: 100% ▕██████████████████▏  488 B                         [K[?25h[?2026l[?2026h[?25l[A[A[A[A[A[1Gpulling manifest [K
pulling ac9bc7a69dab: 100% ▕██████████████████▏ 9.0 GB                         [K
pulling 66b9ea09bd5b: 100% ▕██████████████████▏   68 B                         [K
pulling 1e65450c3067: 100% ▕██████████████████▏ 1.6 KB                         [K
pulling 832dd9e00a68: 100% ▕██████████████████▏  11 KB                         [K
pulling 0578f229f23a: 100% ▕██████████████████▏  488 B                         [K
verifying sha256 digest ⠋ [K[?25h[?2026l[?2026h[?25l[A[A[A[A[A[A[1Gpulling manifest [K
pulling ac9bc7a69dab: 100% ▕██████████████████▏ 9.0 GB                         [K
pulling 66b9ea09bd5b: 100% ▕██████████████████▏   68 B                         [K
pulling 1e65450c3067: 100% ▕██████████████████▏ 1.6 KB                         [K
pulling 832dd9e00a68: 100% ▕██████████████████▏  11 KB                         [K
pulling 0578f229f23a: 100% ▕██████████████████▏  488 B                         [K
verifying sha256 digest ⠙ [K[?25h[?2026l[?2026h[?25l[A[A[A[A[A[A[1Gpulling manifest [K
pulling ac9bc7a69dab: 100% ▕██████████████████▏ 9.0 GB                         [K
pulling 66b9ea09bd5b: 100% ▕██████████████████▏   68 B                         [K
pulling 1e65450c3067: 100% ▕██████████████████▏ 1.6 KB                         [K
pulling 832dd9e00a68: 100% ▕██████████████████▏  11 KB                         [K
pulling 0578f229f23a: 100% ▕██████████████████▏  488 B                         [K
verifying sha256 digest ⠹ [K[?25h[?2026l[?2026h[?25l[A[A[A[A[A[A[1Gpulling manifest [K
pulling ac9bc7a69dab: 100% ▕██████████████████▏ 9.0 GB                         [K
pulling 66b9ea09bd5b: 100% ▕██████████████████▏   68 B                         [K
pulling 1e65450c3067: 100% ▕██████████████████▏ 1.6 KB                         [K
pulling 832dd9e00a68: 100% ▕██████████████████▏  11 KB                         [K
pulling 0578f229f23a: 100% ▕██████████████████▏  488 B                         [K
verifying sha256 digest ⠸ [K[?25h[?2026l[?2026h[?25l[A[A[A[A[A[A[1Gpulling manifest [K
pulling ac9bc7a69dab: 100% ▕██████████████████▏ 9.0 GB                         [K
pulling 66b9ea09bd5b: 100% ▕██████████████████▏   68 B                         [K
pulling 1e65450c3067: 100% ▕██████████████████▏ 1.6 KB                         [K
pulling 832dd9e00a68: 100% ▕██████████████████▏  11 KB                         [K
pulling 0578f229f23a: 100% ▕██████████████████▏  488 B                         [K
verifying sha256 digest ⠼ [K[?25h[?2026l[?2026h[?25l[A[A[A[A[A[A[1Gpulling manifest [K
pulling ac9bc7a69dab: 100% ▕██████████████████▏ 9.0 GB                         [K
pulling 66b9ea09bd5b: 100% ▕██████████████████▏   68 B                         [K
pulling 1e65450c3067: 100% ▕██████████████████▏ 1.6 KB                         [K
pulling 832dd9e00a68: 100% ▕██████████████████▏  11 KB                         [K
pulling 0578f229f23a: 100% ▕██████████████████▏  488 B                         [K
verifying sha256 digest ⠴ [K[?25h[?2026l[?2026h[?25l[A[A[A[A[A[A[1Gpulling manifest [K
pulling ac9bc7a69dab: 100% ▕██████████████████▏ 9.0 GB                         [K
pulling 66b9ea09bd5b: 100% ▕██████████████████▏   68 B                         [K
pulling 1e65450c3067: 100% ▕██████████████████▏ 1.6 KB                         [K
pulling 832dd9e00a68: 100% ▕██████████████████▏  11 KB                         [K
pulling 0578f229f23a: 100% ▕██████████████████▏  488 B                         [K
verifying sha256 digest ⠦ [K[?25h[?2026l[?2026h[?25l[A[A[A[A[A[A[1Gpulling manifest [K
pulling ac9bc7a69dab: 100% ▕██████████████████▏ 9.0 GB                         [K
pulling 66b9ea09bd5b: 100% ▕██████████████████▏   68 B                         [K
pulling 1e65450c3067: 100% ▕██████████████████▏ 1.6 KB                         [K
pulling 832dd9e00a68: 100% ▕██████████████████▏  11 KB                         [K
pulling 0578f229f23a: 100% ▕██████████████████▏  488 B                         [K
verifying sha256 digest ⠧ [K[?25h[?2026l[?2026h[?25l[A[A[A[A[A[A[1Gpulling manifest [K
pulling ac9bc7a69dab: 100% ▕██████████████████▏ 9.0 GB                         [K
pulling 66b9ea09bd5b: 100% ▕██████████████████▏   68 B                         [K
pulling 1e65450c3067: 100% ▕██████████████████▏ 1.6 KB                         [K
pulling 832dd9e00a68: 100% ▕██████████████████▏  11 KB                         [K
pulling 0578f229f23a: 100% ▕██████████████████▏  488 B                         [K
verifying sha256 digest ⠇ [K[?25h[?2026l[?2026h[?25l[A[A[A[A[A[A[1Gpulling manifest [K
pulling ac9bc7a69dab: 100% ▕██████████████████▏ 9.0 GB                         [K
pulling 66b9ea09bd5b: 100% ▕██████████████████▏   68 B                         [K
pulling 1e65450c3067: 100% ▕██████████████████▏ 1.6 KB                         [K
pulling 832dd9e00a68: 100% ▕██████████████████▏  11 KB                         [K
pulling 0578f229f23a: 100% ▕██████████████████▏  488 B                         [K
verifying sha256 digest ⠏ [K[?25h[?2026l[?2026h[?25l[A[A[A[A[A[A[1Gpulling manifest [K
pulling ac9bc7a69dab: 100% ▕██████████████████▏ 9.0 GB                         [K
pulling 66b9ea09bd5b: 100% ▕██████████████████▏   68 B                         [K
pulling 1e65450c3067: 100% ▕██████████████████▏ 1.6 KB                         [K
pulling 832dd9e00a68: 100% ▕██████████████████▏  11 KB                         [K
pulling 0578f229f23a: 100% ▕██████████████████▏  488 B                         [K
verifying sha256 digest ⠋ [K[?25h[?2026l[?2026h[?25l[A[A[A[A[A[A[1Gpulling manifest [K
pulling ac9bc7a69dab: 100% ▕██████████████████▏ 9.0 GB                         [K
pulling 66b9ea09bd5b: 100% ▕██████████████████▏   68 B                         [K
pulling 1e65450c3067: 100% ▕██████████████████▏ 1.6 KB                         [K
pulling 832dd9e00a68: 100% ▕██████████████████▏  11 KB                         [K
pulling 0578f229f23a: 100% ▕██████████████████▏  488 B                         [K
verifying sha256 digest ⠙ [K[?25h[?2026l[?2026h[?25l[A[A[A[A[A[A[1Gpulling manifest [K
pulling ac9bc7a69dab: 100% ▕██████████████████▏ 9.0 GB                         [K
pulling 66b9ea09bd5b: 100% ▕██████████████████▏   68 B                         [K
pulling 1e65450c3067: 100% ▕██████████████████▏ 1.6 KB                         [K
pulling 832dd9e00a68: 100% ▕██████████████████▏  11 KB                         [K
pulling 0578f229f23a: 100% ▕██████████████████▏  488 B                         [K
verifying sha256 digest ⠹ [K[?25h[?2026l[?2026h[?25l[A[A[A[A[A[A[1Gpulling manifest [K
pulling ac9bc7a69dab: 100% ▕██████████████████▏ 9.0 GB                         [K
pulling 66b9ea09bd5b: 100% ▕██████████████████▏   68 B                         [K
pulling 1e65450c3067: 100% ▕██████████████████▏ 1.6 KB                         [K
pulling 832dd9e00a68: 100% ▕██████████████████▏  11 KB                         [K
pulling 0578f229f23a: 100% ▕██████████████████▏  488 B                         [K
verifying sha256 digest ⠸ [K[?25h[?2026l[?2026h[?25l[A[A[A[A[A[A[1Gpulling manifest [K
pulling ac9bc7a69dab: 100% ▕██████████████████▏ 9.0 GB                         [K
pulling 66b9ea09bd5b: 100% ▕██████████████████▏   68 B                         [K
pulling 1e65450c3067: 100% ▕██████████████████▏ 1.6 KB                         [K
pulling 832dd9e00a68: 100% ▕██████████████████▏  11 KB                         [K
pulling 0578f229f23a: 100% ▕██████████████████▏  488 B                         [K
verifying sha256 digest ⠼ [K[?25h[?2026l[?2026h[?25l[A[A[A[A[A[A[1Gpulling manifest [K
pulling ac9bc7a69dab: 100% ▕██████████████████▏ 9.0 GB                         [K
pulling 66b9ea09bd5b: 100% ▕██████████████████▏   68 B                         [K
pulling 1e65450c3067: 100% ▕██████████████████▏ 1.6 KB                         [K
pulling 832dd9e00a68: 100% ▕██████████████████▏  11 KB                         [K
pulling 0578f229f23a: 100% ▕██████████████████▏  488 B                         [K
verifying sha256 digest ⠴ [K[?25h[?2026l[?2026h[?25l[A[A[A[A[A[A[1Gpulling manifest [K
pulling ac9bc7a69dab: 100% ▕██████████████████▏ 9.0 GB                         [K
pulling 66b9ea09bd5b: 100% ▕██████████████████▏   68 B                         [K
pulling 1e65450c3067: 100% ▕██████████████████▏ 1.6 KB                         [K
pulling 832dd9e00a68: 100% ▕██████████████████▏  11 KB                         [K
pulling 0578f229f23a: 100% ▕██████████████████▏  488 B                         [K
verifying sha256 digest ⠦ [K[?25h[?2026l[?2026h[?25l[A[A[A[A[A[A[1Gpulling manifest [K
pulling ac9bc7a69dab: 100% ▕██████████████████▏ 9.0 GB                         [K
pulling 66b9ea09bd5b: 100% ▕██████████████████▏   68 B                         [K
pulling 1e65450c3067: 100% ▕██████████████████▏ 1.6 KB                         [K
pulling 832dd9e00a68: 100% ▕██████████████████▏  11 KB                         [K
pulling 0578f229f23a: 100% ▕██████████████████▏  488 B                         [K
verifying sha256 digest ⠧ [K[?25h[?2026l[?2026h[?25l[A[A[A[A[A[A[1Gpulling manifest [K
pulling ac9bc7a69dab: 100% ▕██████████████████▏ 9.0 GB                         [K
pulling 66b9ea09bd5b: 100% ▕██████████████████▏   68 B                         [K
pulling 1e65450c3067: 100% ▕██████████████████▏ 1.6 KB                         [K
pulling 832dd9e00a68: 100% ▕██████████████████▏  11 KB                         [K
pulling 0578f229f23a: 100% ▕██████████████████▏  488 B                         [K
verifying sha256 digest ⠇ [K[?25h[?2026l[?2026h[?25l[A[A[A[A[A[A[1Gpulling manifest [K
pulling ac9bc7a69dab: 100% ▕██████████████████▏ 9.0 GB                         [K
pulling 66b9ea09bd5b: 100% ▕██████████████████▏   68 B                         [K
pulling 1e65450c3067: 100% ▕██████████████████▏ 1.6 KB                         [K
pulling 832dd9e00a68: 100% ▕██████████████████▏  11 KB                         [K
pulling 0578f229f23a: 100% ▕██████████████████▏  488 B                         [K
verifying sha256 digest ⠏ [K[?25h[?2026l[?2026h[?25l[A[A[A[A[A[A[1Gpulling manifest [K
pulling ac9bc7a69dab: 100% ▕██████████████████▏ 9.0 GB                         [K
pulling 66b9ea09bd5b: 100% ▕██████████████████▏   68 B                         [K
pulling 1e65450c3067: 100% ▕██████████████████▏ 1.6 KB                         [K
pulling 832dd9e00a68: 100% ▕██████████████████▏  11 KB                         [K
pulling 0578f229f23a: 100% ▕██████████████████▏  488 B                         [K
verifying sha256 digest ⠋ [K[?25h[?2026l[?2026h[?25l[A[A[A[A[A[A[1Gpulling manifest [K
pulling ac9bc7a69dab: 100% ▕██████████████████▏ 9.0 GB                         [K
pulling 66b9ea09bd5b: 100% ▕██████████████████▏   68 B                         [K
pulling 1e65450c3067: 100% ▕██████████████████▏ 1.6 KB                         [K
pulling 832dd9e00a68: 100% ▕██████████████████▏  11 KB                         [K
pulling 0578f229f23a: 100% ▕██████████████████▏  488 B                         [K
verifying sha256 digest ⠙ [K[?25h[?2026l[?2026h[?25l[A[A[A[A[A[A[1Gpulling manifest [K
pulling ac9bc7a69dab: 100% ▕██████████████████▏ 9.0 GB                         [K
pulling 66b9ea09bd5b: 100% ▕██████████████████▏   68 B                         [K
pulling 1e65450c3067: 100% ▕██████████████████▏ 1.6 KB                         [K
pulling 832dd9e00a68: 100% ▕██████████████████▏  11 KB                         [K
pulling 0578f229f23a: 100% ▕██████████████████▏  488 B                         [K
verifying sha256 digest ⠹ [K[?25h[?2026l[?2026h[?25l[A[A[A[A[A[A[1Gpulling manifest [K
pulling ac9bc7a69dab: 100% ▕██████████████████▏ 9.0 GB                         [K
pulling 66b9ea09bd5b: 100% ▕██████████████████▏   68 B                         [K
pulling 1e65450c3067: 100% ▕██████████████████▏ 1.6 KB                         [K
pulling 832dd9e00a68: 100% ▕██████████████████▏  11 KB                         [K
pulling 0578f229f23a: 100% ▕██████████████████▏  488 B                         [K
verifying sha256 digest ⠸ [K[?25h[?2026l[?2026h[?25l[A[A[A[A[A[A[1Gpulling manifest [K
pulling ac9bc7a69dab: 100% ▕██████████████████▏ 9.0 GB                         [K
pulling 66b9ea09bd5b: 100% ▕██████████████████▏   68 B                         [K
pulling 1e65450c3067: 100% ▕██████████████████▏ 1.6 KB                         [K
pulling 832dd9e00a68: 100% ▕██████████████████▏  11 KB                         [K
pulling 0578f229f23a: 100% ▕██████████████████▏  488 B                         [K
verifying sha256 digest ⠼ [K[?25h[?2026l[?2026h[?25l[A[A[A[A[A[A[1Gpulling manifest [K
pulling ac9bc7a69dab: 100% ▕██████████████████▏ 9.0 GB                         [K
pulling 66b9ea09bd5b: 100% ▕██████████████████▏   68 B                         [K
pulling 1e65450c3067: 100% ▕██████████████████▏ 1.6 KB                         [K
pulling 832dd9e00a68: 100% ▕██████████████████▏  11 KB                         [K
pulling 0578f229f23a: 100% ▕██████████████████▏  488 B                         [K
verifying sha256 digest ⠴ [K[?25h[?2026l[?2026h[?25l[A[A[A[A[A[A[1Gpulling manifest [K
pulling ac9bc7a69dab: 100% ▕██████████████████▏ 9.0 GB                         [K
pulling 66b9ea09bd5b: 100% ▕██████████████████▏   68 B                         [K
pulling 1e65450c3067: 100% ▕██████████████████▏ 1.6 KB                         [K
pulling 832dd9e00a68: 100% ▕██████████████████▏  11 KB                         [K
pulling 0578f229f23a: 100% ▕██████████████████▏  488 B                         [K
verifying sha256 digest ⠦ [K[?25h[?2026l[?2026h[?25l[A[A[A[A[A[A[1Gpulling manifest [K
pulling ac9bc7a69dab: 100% ▕██████████████████▏ 9.0 GB                         [K
pulling 66b9ea09bd5b: 100% ▕██████████████████▏   68 B                         [K
pulling 1e65450c3067: 100% ▕██████████████████▏ 1.6 KB                         [K
pulling 832dd9e00a68: 100% ▕██████████████████▏  11 KB                         [K
pulling 0578f229f23a: 100% ▕██████████████████▏  488 B                         [K
verifying sha256 digest ⠧ [K[?25h[?2026l[?2026h[?25l[A[A[A[A[A[A[1Gpulling manifest [K
pulling ac9bc7a69dab: 100% ▕██████████████████▏ 9.0 GB                         [K
pulling 66b9ea09bd5b: 100% ▕██████████████████▏   68 B                         [K
pulling 1e65450c3067: 100% ▕██████████████████▏ 1.6 KB                         [K
pulling 832dd9e00a68: 100% ▕██████████████████▏  11 KB                         [K
pulling 0578f229f23a: 100% ▕██████████████████▏  488 B                         [K
verifying sha256 digest ⠇ [K[?25h[?2026l[?2026h[?25l[A[A[A[A[A[A[1Gpulling manifest [K
pulling ac9bc7a69dab: 100% ▕██████████████████▏ 9.0 GB                         [K
pulling 66b9ea09bd5b: 100% ▕██████████████████▏   68 B                         [K
pulling 1e65450c3067: 100% ▕██████████████████▏ 1.6 KB                         [K
pulling 832dd9e00a68: 100% ▕██████████████████▏  11 KB                         [K
pulling 0578f229f23a: 100% ▕██████████████████▏  488 B                         [K
verifying sha256 digest ⠏ [K[?25h[?2026l[?2026h[?25l[A[A[A[A[A[A[1Gpulling manifest [K
pulling ac9bc7a69dab: 100% ▕██████████████████▏ 9.0 GB                         [K
pulling 66b9ea09bd5b: 100% ▕██████████████████▏   68 B                         [K
pulling 1e65450c3067: 100% ▕██████████████████▏ 1.6 KB                         [K
pulling 832dd9e00a68: 100% ▕██████████████████▏  11 KB                         [K
pulling 0578f229f23a: 100% ▕██████████████████▏  488 B                         [K
verifying sha256 digest ⠋ [K[?25h[?2026l[?2026h[?25l[A[A[A[A[A[A[1Gpulling manifest [K
pulling ac9bc7a69dab: 100% ▕██████████████████▏ 9.0 GB                         [K
pulling 66b9ea09bd5b: 100% ▕██████████████████▏   68 B                         [K
pulling 1e65450c3067: 100% ▕██████████████████▏ 1.6 KB                         [K
pulling 832dd9e00a68: 100% ▕██████████████████▏  11 KB                         [K
pulling 0578f229f23a: 100% ▕██████████████████▏  488 B                         [K
verifying sha256 digest ⠙ [K[?25h[?2026l[?2026h[?25l[A[A[A[A[A[A[1Gpulling manifest [K
pulling ac9bc7a69dab: 100% ▕██████████████████▏ 9.0 GB                         [K
pulling 66b9ea09bd5b: 100% ▕██████████████████▏   68 B                         [K
pulling 1e65450c3067: 100% ▕██████████████████▏ 1.6 KB                         [K
pulling 832dd9e00a68: 100% ▕██████████████████▏  11 KB                         [K
pulling 0578f229f23a: 100% ▕██████████████████▏  488 B                         [K
verifying sha256 digest ⠹ [K[?25h[?2026l[?2026h[?25l[A[A[A[A[A[A[1Gpulling manifest [K
pulling ac9bc7a69dab: 100% ▕██████████████████▏ 9.0 GB                         [K
pulling 66b9ea09bd5b: 100% ▕██████████████████▏   68 B                         [K
pulling 1e65450c3067: 100% ▕██████████████████▏ 1.6 KB                         [K
pulling 832dd9e00a68: 100% ▕██████████████████▏  11 KB                         [K
pulling 0578f229f23a: 100% ▕██████████████████▏  488 B                         [K
verifying sha256 digest ⠸ [K[?25h[?2026l[?2026h[?25l[A[A[A[A[A[A[1Gpulling manifest [K
pulling ac9bc7a69dab: 100% ▕██████████████████▏ 9.0 GB                         [K
pulling 66b9ea09bd5b: 100% ▕██████████████████▏   68 B                         [K
pulling 1e65450c3067: 100% ▕██████████████████▏ 1.6 KB                         [K
pulling 832dd9e00a68: 100% ▕██████████████████▏  11 KB                         [K
pulling 0578f229f23a: 100% ▕██████████████████▏  488 B                         [K
verifying sha256 digest ⠼ [K[?25h[?2026l[?2026h[?25l[A[A[A[A[A[A[1Gpulling manifest [K
pulling ac9bc7a69dab: 100% ▕██████████████████▏ 9.0 GB                         [K
pulling 66b9ea09bd5b: 100% ▕██████████████████▏   68 B                         [K
pulling 1e65450c3067: 100% ▕██████████████████▏ 1.6 KB                         [K
pulling 832dd9e00a68: 100% ▕██████████████████▏  11 KB                         [K
pulling 0578f229f23a: 100% ▕██████████████████▏  488 B                         [K
verifying sha256 digest ⠴ [K[?25h[?2026l[?2026h[?25l[A[A[A[A[A[A[1Gpulling manifest [K
pulling ac9bc7a69dab: 100% ▕██████████████████▏ 9.0 GB                         [K
pulling 66b9ea09bd5b: 100% ▕██████████████████▏   68 B                         [K
pulling 1e65450c3067: 100% ▕██████████████████▏ 1.6 KB                         [K
pulling 832dd9e00a68: 100% ▕██████████████████▏  11 KB                         [K
pulling 0578f229f23a: 100% ▕██████████████████▏  488 B                         [K
verifying sha256 digest ⠦ [K[?25h[?2026l[?2026h[?25l[A[A[A[A[A[A[1Gpulling manifest [K
pulling ac9bc7a69dab: 100% ▕██████████████████▏ 9.0 GB                         [K
pulling 66b9ea09bd5b: 100% ▕██████████████████▏   68 B                         [K
pulling 1e65450c3067: 100% ▕██████████████████▏ 1.6 KB                         [K
pulling 832dd9e00a68: 100% ▕██████████████████▏  11 KB                         [K
pulling 0578f229f23a: 100% ▕██████████████████▏  488 B                         [K
verifying sha256 digest ⠧ [K[?25h[?2026l[?2026h[?25l[A[A[A[A[A[A[1Gpulling manifest [K
pulling ac9bc7a69dab: 100% ▕██████████████████▏ 9.0 GB                         [K
pulling 66b9ea09bd5b: 100% ▕██████████████████▏   68 B                         [K
pulling 1e65450c3067: 100% ▕██████████████████▏ 1.6 KB                         [K
pulling 832dd9e00a68: 100% ▕██████████████████▏  11 KB                         [K
pulling 0578f229f23a: 100% ▕██████████████████▏  488 B                         [K
verifying sha256 digest ⠇ [K[?25h[?2026l[?2026h[?25l[A[A[A[A[A[A[1Gpulling manifest [K
pulling ac9bc7a69dab: 100% ▕██████████████████▏ 9.0 GB                         [K
pulling 66b9ea09bd5b: 100% ▕██████████████████▏   68 B                         [K
pulling 1e65450c3067: 100% ▕██████████████████▏ 1.6 KB                         [K
pulling 832dd9e00a68: 100% ▕██████████████████▏  11 KB                         [K
pulling 0578f229f23a: 100% ▕██████████████████▏  488 B                         [K
verifying sha256 digest ⠏ [K[?25h[?2026l[?2026h[?25l[A[A[A[A[A[A[1Gpulling manifest [K
pulling ac9bc7a69dab: 100% ▕██████████████████▏ 9.0 GB                         [K
pulling 66b9ea09bd5b: 100% ▕██████████████████▏   68 B                         [K
pulling 1e65450c3067: 100% ▕██████████████████▏ 1.6 KB                         [K
pulling 832dd9e00a68: 100% ▕██████████████████▏  11 KB                         [K
pulling 0578f229f23a: 100% ▕██████████████████▏  488 B                         [K
verifying sha256 digest ⠋ [K[?25h[?2026l[?2026h[?25l[A[A[A[A[A[A[1Gpulling manifest [K
pulling ac9bc7a69dab: 100% ▕██████████████████▏ 9.0 GB                         [K
pulling 66b9ea09bd5b: 100% ▕██████████████████▏   68 B                         [K
pulling 1e65450c3067: 100% ▕██████████████████▏ 1.6 KB                         [K
pulling 832dd9e00a68: 100% ▕██████████████████▏  11 KB                         [K
pulling 0578f229f23a: 100% ▕██████████████████▏  488 B                         [K
verifying sha256 digest ⠙ [K[?25h[?2026l[?2026h[?25l[A[A[A[A[A[A[1Gpulling manifest [K
pulling ac9bc7a69dab: 100% ▕██████████████████▏ 9.0 GB                         [K
pulling 66b9ea09bd5b: 100% ▕██████████████████▏   68 B                         [K
pulling 1e65450c3067: 100% ▕██████████████████▏ 1.6 KB                         [K
pulling 832dd9e00a68: 100% ▕██████████████████▏  11 KB                         [K
pulling 0578f229f23a: 100% ▕██████████████████▏  488 B                         [K
verifying sha256 digest ⠹ [K[?25h[?2026l[?2026h[?25l[A[A[A[A[A[A[1Gpulling manifest [K
pulling ac9bc7a69dab: 100% ▕██████████████████▏ 9.0 GB                         [K
pulling 66b9ea09bd5b: 100% ▕██████████████████▏   68 B                         [K
pulling 1e65450c3067: 100% ▕██████████████████▏ 1.6 KB                         [K
pulling 832dd9e00a68: 100% ▕██████████████████▏  11 KB                         [K
pulling 0578f229f23a: 100% ▕██████████████████▏  488 B                         [K
verifying sha256 digest ⠸ [K[?25h[?2026l[?2026h[?25l[A[A[A[A[A[A[1Gpulling manifest [K
pulling ac9bc7a69dab: 100% ▕██████████████████▏ 9.0 GB                         [K
pulling 66b9ea09bd5b: 100% ▕██████████████████▏   68 B                         [K
pulling 1e65450c3067: 100% ▕██████████████████▏ 1.6 KB                         [K
pulling 832dd9e00a68: 100% ▕██████████████████▏  11 KB                         [K
pulling 0578f229f23a: 100% ▕██████████████████▏  488 B                         [K
verifying sha256 digest ⠼ [K[?25h[?2026l[?2026h[?25l[A[A[A[A[A[A[1Gpulling manifest [K
pulling ac9bc7a69dab: 100% ▕██████████████████▏ 9.0 GB                         [K
pulling 66b9ea09bd5b: 100% ▕██████████████████▏   68 B                         [K
pulling 1e65450c3067: 100% ▕██████████████████▏ 1.6 KB                         [K
pulling 832dd9e00a68: 100% ▕██████████████████▏  11 KB                         [K
pulling 0578f229f23a: 100% ▕██████████████████▏  488 B                         [K
verifying sha256 digest ⠴ [K[?25h[?2026l[?2026h[?25l[A[A[A[A[A[A[1Gpulling manifest [K
pulling ac9bc7a69dab: 100% ▕██████████████████▏ 9.0 GB                         [K
pulling 66b9ea09bd5b: 100% ▕██████████████████▏   68 B                         [K
pulling 1e65450c3067: 100% ▕██████████████████▏ 1.6 KB                         [K
pulling 832dd9e00a68: 100% ▕██████████████████▏  11 KB                         [K
pulling 0578f229f23a: 100% ▕██████████████████▏  488 B                         [K
verifying sha256 digest ⠦ [K[?25h[?2026l[?2026h[?25l[A[A[A[A[A[A[1Gpulling manifest [K
pulling ac9bc7a69dab: 100% ▕██████████████████▏ 9.0 GB                         [K
pulling 66b9ea09bd5b: 100% ▕██████████████████▏   68 B                         [K
pulling 1e65450c3067: 100% ▕██████████████████▏ 1.6 KB                         [K
pulling 832dd9e00a68: 100% ▕██████████████████▏  11 KB                         [K
pulling 0578f229f23a: 100% ▕██████████████████▏  488 B                         [K
verifying sha256 digest ⠧ [K[?25h[?2026l[?2026h[?25l[A[A[A[A[A[A[1Gpulling manifest [K
pulling ac9bc7a69dab: 100% ▕██████████████████▏ 9.0 GB                         [K
pulling 66b9ea09bd5b: 100% ▕██████████████████▏   68 B                         [K
pulling 1e65450c3067: 100% ▕██████████████████▏ 1.6 KB                         [K
pulling 832dd9e00a68: 100% ▕██████████████████▏  11 KB                         [K
pulling 0578f229f23a: 100% ▕██████████████████▏  488 B                         [K
verifying sha256 digest ⠇ [K[?25h[?2026l[?2026h[?25l[A[A[A[A[A[A[1Gpulling manifest [K
pulling ac9bc7a69dab: 100% ▕██████████████████▏ 9.0 GB                         [K
pulling 66b9ea09bd5b: 100% ▕██████████████████▏   68 B                         [K
pulling 1e65450c3067: 100% ▕██████████████████▏ 1.6 KB                         [K
pulling 832dd9e00a68: 100% ▕██████████████████▏  11 KB                         [K
pulling 0578f229f23a: 100% ▕██████████████████▏  488 B                         [K
verifying sha256 digest ⠏ [K[?25h[?2026l[?2026h[?25l[A[A[A[A[A[A[1Gpulling manifest [K
pulling ac9bc7a69dab: 100% ▕██████████████████▏ 9.0 GB                         [K
pulling 66b9ea09bd5b: 100% ▕██████████████████▏   68 B                         [K
pulling 1e65450c3067: 100% ▕██████████████████▏ 1.6 KB                         [K
pulling 832dd9e00a68: 100% ▕██████████████████▏  11 KB                         [K
pulling 0578f229f23a: 100% ▕██████████████████▏  488 B                         [K
verifying sha256 digest ⠋ [K[?25h[?2026l[?2026h[?25l[A[A[A[A[A[A[1Gpulling manifest [K
pulling ac9bc7a69dab: 100% ▕██████████████████▏ 9.0 GB                         [K
pulling 66b9ea09bd5b: 100% ▕██████████████████▏   68 B                         [K
pulling 1e65450c3067: 100% ▕██████████████████▏ 1.6 KB                         [K
pulling 832dd9e00a68: 100% ▕██████████████████▏  11 KB                         [K
pulling 0578f229f23a: 100% ▕██████████████████▏  488 B                         [K
verifying sha256 digest ⠙ [K[?25h[?2026l[?2026h[?25l[A[A[A[A[A[A[1Gpulling manifest [K
pulling ac9bc7a69dab: 100% ▕██████████████████▏ 9.0 GB                         [K
pulling 66b9ea09bd5b: 100% ▕██████████████████▏   68 B                         [K
pulling 1e65450c3067: 100% ▕██████████████████▏ 1.6 KB                         [K
pulling 832dd9e00a68: 100% ▕██████████████████▏  11 KB                         [K
pulling 0578f229f23a: 100% ▕██████████████████▏  488 B                         [K
verifying sha256 digest ⠹ [K[?25h[?2026l[?2026h[?25l[A[A[A[A[A[A[1Gpulling manifest [K
pulling ac9bc7a69dab: 100% ▕██████████████████▏ 9.0 GB                         [K
pulling 66b9ea09bd5b: 100% ▕██████████████████▏   68 B                         [K
pulling 1e65450c3067: 100% ▕██████████████████▏ 1.6 KB                         [K
pulling 832dd9e00a68: 100% ▕██████████████████▏  11 KB                         [K
pulling 0578f229f23a: 100% ▕██████████████████▏  488 B                         [K
verifying sha256 digest ⠸ [K[?25h[?2026l[?2026h[?25l[A[A[A[A[A[A[1Gpulling manifest [K
pulling ac9bc7a69dab: 100% ▕██████████████████▏ 9.0 GB                         [K
pulling 66b9ea09bd5b: 100% ▕██████████████████▏   68 B                         [K
pulling 1e65450c3067: 100% ▕██████████████████▏ 1.6 KB                         [K
pulling 832dd9e00a68: 100% ▕██████████████████▏  11 KB                         [K
pulling 0578f229f23a: 100% ▕██████████████████▏  488 B                         [K
verifying sha256 digest ⠼ [K[?25h[?2026l[?2026h[?25l[A[A[A[A[A[A[1Gpulling manifest [K
pulling ac9bc7a69dab: 100% ▕██████████████████▏ 9.0 GB                         [K
pulling 66b9ea09bd5b: 100% ▕██████████████████▏   68 B                         [K
pulling 1e65450c3067: 100% ▕██████████████████▏ 1.6 KB                         [K
pulling 832dd9e00a68: 100% ▕██████████████████▏  11 KB                         [K
pulling 0578f229f23a: 100% ▕██████████████████▏  488 B                         [K
verifying sha256 digest ⠴ [K[?25h[?2026l[?2026h[?25l[A[A[A[A[A[A[1Gpulling manifest [K
pulling ac9bc7a69dab: 100% ▕██████████████████▏ 9.0 GB                         [K
pulling 66b9ea09bd5b: 100% ▕██████████████████▏   68 B                         [K
pulling 1e65450c3067: 100% ▕██████████████████▏ 1.6 KB                         [K
pulling 832dd9e00a68: 100% ▕██████████████████▏  11 KB                         [K
pulling 0578f229f23a: 100% ▕██████████████████▏  488 B                         [K
verifying sha256 digest ⠦ [K[?25h[?2026l[?2026h[?25l[A[A[A[A[A[A[1Gpulling manifest [K
pulling ac9bc7a69dab: 100% ▕██████████████████▏ 9.0 GB                         [K
pulling 66b9ea09bd5b: 100% ▕██████████████████▏   68 B                         [K
pulling 1e65450c3067: 100% ▕██████████████████▏ 1.6 KB                         [K
pulling 832dd9e00a68: 100% ▕██████████████████▏  11 KB                         [K
pulling 0578f229f23a: 100% ▕██████████████████▏  488 B                         [K
verifying sha256 digest ⠧ [K[?25h[?2026l[?2026h[?25l[A[A[A[A[A[A[1Gpulling manifest [K
pulling ac9bc7a69dab: 100% ▕██████████████████▏ 9.0 GB                         [K
pulling 66b9ea09bd5b: 100% ▕██████████████████▏   68 B                         [K
pulling 1e65450c3067: 100% ▕██████████████████▏ 1.6 KB                         [K
pulling 832dd9e00a68: 100% ▕██████████████████▏  11 KB                         [K
pulling 0578f229f23a: 100% ▕██████████████████▏  488 B                         [K
verifying sha256 digest ⠇ [K[?25h[?2026l[?2026h[?25l[A[A[A[A[A[A[1Gpulling manifest [K
pulling ac9bc7a69dab: 100% ▕██████████████████▏ 9.0 GB                         [K
pulling 66b9ea09bd5b: 100% ▕██████████████████▏   68 B                         [K
pulling 1e65450c3067: 100% ▕██████████████████▏ 1.6 KB                         [K
pulling 832dd9e00a68: 100% ▕██████████████████▏  11 KB                         [K
pulling 0578f229f23a: 100% ▕██████████████████▏  488 B                         [K
verifying sha256 digest ⠏ [K[?25h[?2026l[?2026h[?25l[A[A[A[A[A[A[1Gpulling manifest [K
pulling ac9bc7a69dab: 100% ▕██████████████████▏ 9.0 GB                         [K
pulling 66b9ea09bd5b: 100% ▕██████████████████▏   68 B                         [K
pulling 1e65450c3067: 100% ▕██████████████████▏ 1.6 KB                         [K
pulling 832dd9e00a68: 100% ▕██████████████████▏  11 KB                         [K
pulling 0578f229f23a: 100% ▕██████████████████▏  488 B                         [K
verifying sha256 digest ⠋ [K[?25h[?2026l[?2026h[?25l[A[A[A[A[A[A[1Gpulling manifest [K
pulling ac9bc7a69dab: 100% ▕██████████████████▏ 9.0 GB                         [K
pulling 66b9ea09bd5b: 100% ▕██████████████████▏   68 B                         [K
pulling 1e65450c3067: 100% ▕██████████████████▏ 1.6 KB                         [K
pulling 832dd9e00a68: 100% ▕██████████████████▏  11 KB                         [K
pulling 0578f229f23a: 100% ▕██████████████████▏  488 B                         [K
verifying sha256 digest ⠙ [K[?25h[?2026l[?2026h[?25l[A[A[A[A[A[A[1Gpulling manifest [K
pulling ac9bc7a69dab: 100% ▕██████████████████▏ 9.0 GB                         [K
pulling 66b9ea09bd5b: 100% ▕██████████████████▏   68 B                         [K
pulling 1e65450c3067: 100% ▕██████████████████▏ 1.6 KB                         [K
pulling 832dd9e00a68: 100% ▕██████████████████▏  11 KB                         [K
pulling 0578f229f23a: 100% ▕██████████████████▏  488 B                         [K
verifying sha256 digest ⠹ [K[?25h[?2026l[?2026h[?25l[A[A[A[A[A[A[1Gpulling manifest [K
pulling ac9bc7a69dab: 100% ▕██████████████████▏ 9.0 GB                         [K
pulling 66b9ea09bd5b: 100% ▕██████████████████▏   68 B                         [K
pulling 1e65450c3067: 100% ▕██████████████████▏ 1.6 KB                         [K
pulling 832dd9e00a68: 100% ▕██████████████████▏  11 KB                         [K
pulling 0578f229f23a: 100% ▕██████████████████▏  488 B                         [K
verifying sha256 digest ⠸ [K[?25h[?2026l[?2026h[?25l[A[A[A[A[A[A[1Gpulling manifest [K
pulling ac9bc7a69dab: 100% ▕██████████████████▏ 9.0 GB                         [K
pulling 66b9ea09bd5b: 100% ▕██████████████████▏   68 B                         [K
pulling 1e65450c3067: 100% ▕██████████████████▏ 1.6 KB                         [K
pulling 832dd9e00a68: 100% ▕██████████████████▏  11 KB                         [K
pulling 0578f229f23a: 100% ▕██████████████████▏  488 B                         [K
verifying sha256 digest ⠼ [K[?25h[?2026l[?2026h[?25l[A[A[A[A[A[A[1Gpulling manifest [K
pulling ac9bc7a69dab: 100% ▕██████████████████▏ 9.0 GB                         [K
pulling 66b9ea09bd5b: 100% ▕██████████████████▏   68 B                         [K
pulling 1e65450c3067: 100% ▕██████████████████▏ 1.6 KB                         [K
pulling 832dd9e00a68: 100% ▕██████████████████▏  11 KB                         [K
pulling 0578f229f23a: 100% ▕██████████████████▏  488 B                         [K
verifying sha256 digest ⠴ [K[?25h[?2026l[?2026h[?25l[A[A[A[A[A[A[1Gpulling manifest [K
pulling ac9bc7a69dab: 100% ▕██████████████████▏ 9.0 GB                         [K
pulling 66b9ea09bd5b: 100% ▕██████████████████▏   68 B                         [K
pulling 1e65450c3067: 100% ▕██████████████████▏ 1.6 KB                         [K
pulling 832dd9e00a68: 100% ▕██████████████████▏  11 KB                         [K
pulling 0578f229f23a: 100% ▕██████████████████▏  488 B                         [K
verifying sha256 digest ⠦ [K[?25h[?2026l[?2026h[?25l[A[A[A[A[A[A[1Gpulling manifest [K
pulling ac9bc7a69dab: 100% ▕██████████████████▏ 9.0 GB                         [K
pulling 66b9ea09bd5b: 100% ▕██████████████████▏   68 B                         [K
pulling 1e65450c3067: 100% ▕██████████████████▏ 1.6 KB                         [K
pulling 832dd9e00a68: 100% ▕██████████████████▏  11 KB                         [K
pulling 0578f229f23a: 100% ▕██████████████████▏  488 B                         [K
verifying sha256 digest ⠧ [K[?25h[?2026l[?2026h[?25l[A[A[A[A[A[A[1Gpulling manifest [K
pulling ac9bc7a69dab: 100% ▕██████████████████▏ 9.0 GB                         [K
pulling 66b9ea09bd5b: 100% ▕██████████████████▏   68 B                         [K
pulling 1e65450c3067: 100% ▕██████████████████▏ 1.6 KB                         [K
pulling 832dd9e00a68: 100% ▕██████████████████▏  11 KB                         [K
pulling 0578f229f23a: 100% ▕██████████████████▏  488 B                         [K
verifying sha256 digest ⠇ [K[?25h[?2026l[?2026h[?25l[A[A[A[A[A[A[1Gpulling manifest [K
pulling ac9bc7a69dab: 100% ▕██████████████████▏ 9.0 GB                         [K
pulling 66b9ea09bd5b: 100% ▕██████████████████▏   68 B                         [K
pulling 1e65450c3067: 100% ▕██████████████████▏ 1.6 KB                         [K
pulling 832dd9e00a68: 100% ▕██████████████████▏  11 KB                         [K
pulling 0578f229f23a: 100% ▕██████████████████▏  488 B                         [K
verifying sha256 digest ⠏ [K[?25h[?2026l[?2026h[?25l[A[A[A[A[A[A[1Gpulling manifest [K
pulling ac9bc7a69dab: 100% ▕██████████████████▏ 9.0 GB                         [K
pulling 66b9ea09bd5b: 100% ▕██████████████████▏   68 B                         [K
pulling 1e65450c3067: 100% ▕██████████████████▏ 1.6 KB                         [K
pulling 832dd9e00a68: 100% ▕██████████████████▏  11 KB                         [K
pulling 0578f229f23a: 100% ▕██████████████████▏  488 B                         [K
verifying sha256 digest ⠋ [K[?25h[?2026l[?2026h[?25l[A[A[A[A[A[A[1Gpulling manifest [K
pulling ac9bc7a69dab: 100% ▕██████████████████▏ 9.0 GB                         [K
pulling 66b9ea09bd5b: 100% ▕██████████████████▏   68 B                         [K
pulling 1e65450c3067: 100% ▕██████████████████▏ 1.6 KB                         [K
pulling 832dd9e00a68: 100% ▕██████████████████▏  11 KB                         [K
pulling 0578f229f23a: 100% ▕██████████████████▏  488 B                         [K
verifying sha256 digest [K
writing manifest [K
success [K[?25h[?2026l
